// Jest Snapshot v1, https://goo.gl/fbAQLP

exports[`SearchComponent should create 1`] = `
<app-search
  keyword=""
  keywords={[Function Array]}
  search={[Function EventEmitter]}
>
  <div
    id="search-component"
  >
    
  
    
    <div
      class="form-inline"
    >
      
      
      <div
        class="form-group mb-2"
      >
        
        
        <h4>
          News Search
        </h4>
        
      
      </div>
      
  
      
      <div
        class="form-group mx-sm-3 mb-2"
      >
        
        
        <label
          class="sr-only"
          for="search"
        >
          Password
        </label>
        
        
        <input
          class="form-control ng-untouched ng-pristine ng-valid"
          id="search"
          ng-reflect-model=""
          placeholder="type here...."
          type="text"
        />
        
      
      </div>
      
  
      
      <button
        class="btn btn-primary mb-2"
        id="addKeyword"
        type="button"
      >
        search
      </button>
      
      
      <button
        class="btn btn-primary mb-2"
        id="clear"
        type="button"
      >
        clear
      </button>
      
    
    </div>
    
  
    
    <h5>
      Keywords
    </h5>
    
    
    <ul
      class="search-keywords"
    >
      
      
      
      
    
    </ul>
    
  
  </div>
  
</app-search>
`;
